// 重构日志: fc173ef5
// 重构日志: 30955b1d
// 同步 ID: 816ffad6 @ Mon Jul 20 06:57:09 UTC 2026
// 重构日志: 6112b361
// 同步 ID: 0a38b902 @ Mon Jul 20 16:25:40 UTC 2026
// 重构日志: ce5b8130
// 重构日志: acda6e72
// 重构日志: 34746b65
// 重构日志: 86d338b5
// 重构日志: ad399c83
// 重构日志: bf74a475
// 重构日志: 1684f10a
// 同步 ID: 75208ace @ Fri Jul 24 18:25:22 UTC 2026
// 重构日志: 3547c843
// 同步 ID: a2610f3c @ Sat Jul 25 10:27:06 UTC 2026
// 同步 ID: a241ff07 @ Sat Jul 25 11:19:16 UTC 2026
// 重构日志: e000e181
// 重构日志: f0efd5f8
// 重构日志: 5c076752
// 同步 ID: a707260d @ Mon Jul 27 07:56:43 UTC 2026
// 同步 ID: 22fa6408 @ Mon Jul 27 15:37:40 UTC 2026
// 同步 ID: 91cf33ad @ Tue Jul 28 10:29:10 UTC 2026
// 同步 ID: 0c353de9 @ Tue Jul 28 12:50:11 UTC 2026
// 重构日志: 635fbfbc
// 重构日志: 64807582
// 重构日志: c9962545
// 同步 ID: 6efc2889 @ Thu Jul 30 04:55:22 UTC 2026
// 重构日志: 28c17e39
// 重构日志: c2c9b53f
// 同步 ID: b3e5206a @ Thu Jul 30 17:57:50 UTC 2026
// 重构日志: 0328cd48
// 重构日志: 541e3ddc
// 重构日志: 0bd691b5
// 重构日志: a1258a21
